// Jest Snapshot v1, https://goo.gl/fbAQLP

exports[`secrets secretSanitizer should replace all secrets and leave other params 1`] = `
{
  "array": [
    {
      "name": "foo",
      "value": "x",
    },
  ],
  "arrayOfStrings": [
    "x",
    "y",
  ],
  "bar": {
    "baz": {
      "foo": true,
      "val": "1 x 1 x x",
    },
    "null": null,
  },
  "foo": "1 x 1",
}
`;
